TEST LOG - tests/api-rest.yaml
FECHA: 6/5/2026, 11:11:16 a. m.
------------------------------------------
Test run id: tx5rd_rj65ba55b7654keyqfrpcchmeaktx_n9nf
Phase started: Prueba API REST - 5 Etapas Consecutivas (index: 0, duration: 40s) 11:11:24(-0500)

* GET /hospital/?route=home 

  ok statusCode 200 
* GET /hospital/?route=home 

  ok statusCode 200 
* GET /hospital/?route=home 

  ok statusCode 200 
* GET /hospital/?route=home 

  ok statusCode 200 
* GET /hospital/?route=home 

  ok statusCode 200 
* GET /hospital/?route=home 

  ok statusCode 200 
* GET /hospital/?route=home 

  ok statusCode 200 
* GET /hospital/?route=home 

  ok statusCode 200 
* GET /hospital/?route=home 

  ok statusCode 200 
* GET /hospital/?route=home 

  ok statusCode 200 
* GET /hospital/?route=home 

  ok statusCode 200 
* GET /hospital/?route=home 

  ok statusCode 200 
* GET /hospital/?route=home 

  ok statusCode 200 
* GET /hospital/?route=home 

  ok statusCode 200 
* GET /hospital/?route=home 

  ok statusCode 200 
* GET /hospital/?route=home 

  ok statusCode 200 
* GET /hospital/?route=home 

  ok statusCode 200 
* GET /hospital/?route=home 

  ok statusCode 200 
* GET /hospital/?route=home 

  ok statusCode 200 
* GET /hospital/?route=home 

  ok statusCode 200 
* GET /hospital/?route=home 

  ok statusCode 200 
* GET /hospital/?route=home 

  ok statusCode 200 
* GET /hospital/?route=home 

  ok statusCode 200 
* GET /hospital/?route=home 

  ok statusCode 200 
* GET /hospital/?route=home 

  ok statusCode 200 
* GET /hospital/?route=home 

  ok statusCode 200 
* GET /hospital/?route=home 

  ok statusCode 200 
* GET /hospital/?route=home 

  ok statusCode 200 
* GET /hospital/?route=home 

  ok statusCode 200 
* GET /hospital/?route=home 

  ok statusCode 200 
* GET /hospital/?route=home 

  ok statusCode 200 
* GET /hospital/?route=home 

  ok statusCode 200 
* GET /hospital/?route=home 

  ok statusCode 200 
* GET /hospital/?route=home 

  ok statusCode 200 
* GET /hospital/?route=home 

  ok statusCode 200 
* GET /hospital/?route=home 

  ok statusCode 200 
* GET /hospital/?route=home 

  ok statusCode 200 
* GET /hospital/?route=home 

  ok statusCode 200 
* GET /hospital/?route=home 

  ok statusCode 200 
* GET /hospital/?route=home 

  ok statusCode 200 
* GET /hospital/?route=home 

  ok statusCode 200 
* GET /hospital/?route=home 

  ok statusCode 200 
* GET /hospital/?route=home 

  ok statusCode 200 
* GET /hospital/?route=home 

  ok statusCode 200 
* GET /hospital/?route=home 

  ok statusCode 200 
* GET /hospital/?route=home 

  ok statusCode 200 
* GET /hospital/?route=home 

  ok statusCode 200 
* GET /hospital/?route=home 

  ok statusCode 200 
* GET /hospital/?route=home 

  ok statusCode 200 
* GET /hospital/?route=home 

  ok statusCode 200 
* GET /hospital/?route=home 

  ok statusCode 200 
* GET /hospital/?route=home 

  ok statusCode 200 
* GET /hospital/?route=home 

  ok statusCode 200 
* GET /hospital/?route=home 

  ok statusCode 200 
* GET /hospital/?route=home 

  ok statusCode 200 
* GET /hospital/?route=home 

  ok statusCode 200 
* GET /hospital/?route=home 

  ok statusCode 200 
* GET /hospital/?route=home 

  ok statusCode 200 
* GET /hospital/?route=home 

  ok statusCode 200 
* GET /hospital/?route=home 

  ok statusCode 200 
* GET /hospital/?route=home 

  ok statusCode 200 
* GET /hospital/?route=home 

  ok statusCode 200 
* GET /hospital/?route=home 

  ok statusCode 200 
* GET /hospital/?route=home 

  ok statusCode 200 
* GET /hospital/?route=home 

  ok statusCode 200 
* GET /hospital/?route=home 

  ok statusCode 200 
* GET /hospital/?route=home 

  ok statusCode 200 
* GET /hospital/?route=home 

  ok statusCode 200 
* GET /hospital/?route=home 

  ok statusCode 200 
* GET /hospital/?route=home 

  ok statusCode 200 
* GET /hospital/?route=home 

  ok statusCode 200 
* GET /hospital/?route=home 

  ok statusCode 200 
* GET /hospital/?route=home 

  ok statusCode 200 
* GET /hospital/?route=home 

  ok statusCode 200 
* GET /hospital/?route=home 

  ok statusCode 200 
* GET /hospital/?route=home 

  ok statusCode 200 
* GET /hospital/?route=home 

  ok statusCode 200 
* GET /hospital/?route=home 

  ok statusCode 200 
* GET /hospital/?route=home 

  ok statusCode 200 
* GET /hospital/?route=home 

  ok statusCode 200 
* GET /hospital/?route=home 

  ok statusCode 200 
* GET /hospital/?route=home 

  ok statusCode 200 
* GET /hospital/?route=home 

  ok statusCode 200 
* GET /hospital/?route=home 

  ok statusCode 200 
* GET /hospital/?route=home 

  ok statusCode 200 
* GET /hospital/?route=home 

  ok statusCode 200 
* GET /hospital/?route=home 

  ok statusCode 200 
* GET /hospital/?route=home 

  ok statusCode 200 
* GET /hospital/?route=home 

  ok statusCode 200 
* GET /hospital/?route=home 

  ok statusCode 200 
* GET /hospital/?route=home 

  ok statusCode 200 
* GET /hospital/?route=home 

  ok statusCode 200 
* GET /hospital/?route=home 

  ok statusCode 200 
* GET /hospital/?route=home 

  ok statusCode 200 
* GET /hospital/?route=home 

  ok statusCode 200 
* GET /hospital/?route=home 

  ok statusCode 200 
* GET /hospital/?route=home 

  ok statusCode 200 
* GET /hospital/?route=home 

  ok statusCode 200 
* GET /hospital/?route=home 

  ok statusCode 200 
* GET /hospital/?route=home 

  ok statusCode 200 
--------------------------------------
Metrics for period to: 11:11:30(-0500) (width: 4.457s)
--------------------------------------

errors.Failed capture or match: ................................................ 49
http.codes.200: ................................................................ 98
http.codes.302: ................................................................ 49
http.downloaded_bytes: ......................................................... 1621165
http.request_rate: ............................................................. 40/sec
http.requests: ................................................................. 147
http.response_time:
  min: ......................................................................... 1
  max: ......................................................................... 35
  mean: ........................................................................ 11.5
  median: ...................................................................... 6
  p95: ......................................................................... 27.9
  p99: ......................................................................... 32.1
http.response_time.2xx:
  min: ......................................................................... 1
  max: ......................................................................... 35
  mean: ........................................................................ 8.8
  median: ...................................................................... 4
  p95: ......................................................................... 27.9
  p99: ......................................................................... 32.1
http.response_time.3xx:
  min: ......................................................................... 5
  max: ......................................................................... 31
  mean: ........................................................................ 17
  median: ...................................................................... 19.9
  p95: ......................................................................... 26.8
  p99: ......................................................................... 30.3
http.responses: ................................................................ 147
plugins.expect.ok: ............................................................. 49
plugins.expect.ok.statusCode: .................................................. 49
vusers.created: ................................................................ 49
vusers.created_by_name.Secuencia Completa (API Focus): ......................... 49
vusers.failed: ................................................................. 49


* GET /hospital/?route=home 

  ok statusCode 200 
* GET /hospital/?route=home 

  ok statusCode 200 
* GET /hospital/?route=home 

  ok statusCode 200 
* GET /hospital/?route=home 

  ok statusCode 200 
* GET /hospital/?route=home 

  ok statusCode 200 
* GET /hospital/?route=home 

  ok statusCode 200 
* GET /hospital/?route=home 

  ok statusCode 200 
* GET /hospital/?route=home 

  ok statusCode 200 
* GET /hospital/?route=home 

  ok statusCode 200 
* GET /hospital/?route=home 

  ok statusCode 200 
* GET /hospital/?route=home 

  ok statusCode 200 
* GET /hospital/?route=home 

  ok statusCode 200 
* GET /hospital/?route=home 

  ok statusCode 200 
* GET /hospital/?route=home 

  ok statusCode 200 
* GET /hospital/?route=home 

  ok statusCode 200 
* GET /hospital/?route=home 

  ok statusCode 200 
* GET /hospital/?route=home 

  ok statusCode 200 
* GET /hospital/?route=home 

  ok statusCode 200 
* GET /hospital/?route=home 

  ok statusCode 200 
* GET /hospital/?route=home 

  ok statusCode 200 
* GET /hospital/?route=home 

  ok statusCode 200 
* GET /hospital/?route=home 

  ok statusCode 200 
* GET /hospital/?route=home 

  ok statusCode 200 
* GET /hospital/?route=home 

  ok statusCode 200 
* GET /hospital/?route=home 

  ok statusCode 200 
* GET /hospital/?route=home 

  ok statusCode 200 
* GET /hospital/?route=home 

  ok statusCode 200 
* GET /hospital/?route=home 

  ok statusCode 200 
* GET /hospital/?route=home 

  ok statusCode 200 
* GET /hospital/?route=home 

  ok statusCode 200 
* GET /hospital/?route=home 

  ok statusCode 200 
* GET /hospital/?route=home 

  ok statusCode 200 
* GET /hospital/?route=home 

  ok statusCode 200 
* GET /hospital/?route=home 

  ok statusCode 200 
* GET /hospital/?route=home 

  ok statusCode 200 
* GET /hospital/?route=home 

  ok statusCode 200 
* GET /hospital/?route=home 

  ok statusCode 200 
* GET /hospital/?route=home 

  ok statusCode 200 
* GET /hospital/?route=home 

  ok statusCode 200 
* GET /hospital/?route=home 

  ok statusCode 200 
* GET /hospital/?route=home 

  ok statusCode 200 
* GET /hospital/?route=home 

  ok statusCode 200 
* GET /hospital/?route=home 

  ok statusCode 200 
* GET /hospital/?route=home 

  ok statusCode 200 
* GET /hospital/?route=home 

  ok statusCode 200 
* GET /hospital/?route=home 

  ok statusCode 200 
* GET /hospital/?route=home 

  ok statusCode 200 
* GET /hospital/?route=home 

  ok statusCode 200 
* GET /hospital/?route=home 

  ok statusCode 200 
* GET /hospital/?route=home 

  ok statusCode 200 
* GET /hospital/?route=home 

  ok statusCode 200 
* GET /hospital/?route=home 

  ok statusCode 200 
* GET /hospital/?route=home 

  ok statusCode 200 
* GET /hospital/?route=home 

  ok statusCode 200 
* GET /hospital/?route=home 

  ok statusCode 200 
* GET /hospital/?route=home 

  ok statusCode 200 
* GET /hospital/?route=home 

  ok statusCode 200 
* GET /hospital/?route=home 

  ok statusCode 200 
* GET /hospital/?route=home 

  ok statusCode 200 
* GET /hospital/?route=home 

  ok statusCode 200 
* GET /hospital/?route=home 

  ok statusCode 200 
* GET /hospital/?route=home 

  ok statusCode 200 
* GET /hospital/?route=home 

  ok statusCode 200 
* GET /hospital/?route=home 

  ok statusCode 200 
* GET /hospital/?route=home 

  ok statusCode 200 
* GET /hospital/?route=home 

  ok statusCode 200 
* GET /hospital/?route=home 

  ok statusCode 200 
* GET /hospital/?route=home 

  ok statusCode 200 
* GET /hospital/?route=home 

  ok statusCode 200 
* GET /hospital/?route=home 

  ok statusCode 200 
* GET /hospital/?route=home 

  ok statusCode 200 
* GET /hospital/?route=home 

  ok statusCode 200 
* GET /hospital/?route=home 

  ok statusCode 200 
* GET /hospital/?route=home 

  ok statusCode 200 
* GET /hospital/?route=home 

  ok statusCode 200 
* GET /hospital/?route=home 

  ok statusCode 200 
* GET /hospital/?route=home 

  ok statusCode 200 
* GET /hospital/?route=home 

  ok statusCode 200 
* GET /hospital/?route=home 

  ok statusCode 200 
* GET /hospital/?route=home 

  ok statusCode 200 
* GET /hospital/?route=home 

  ok statusCode 200 
* GET /hospital/?route=home 

  ok statusCode 200 
* GET /hospital/?route=home 

  ok statusCode 200 
* GET /hospital/?route=home 

  ok statusCode 200 
* GET /hospital/?route=home 

  ok statusCode 200 
* GET /hospital/?route=home 

  ok statusCode 200 
* GET /hospital/?route=home 

  ok statusCode 200 
* GET /hospital/?route=home 

  ok statusCode 200 
* GET /hospital/?route=home 

  ok statusCode 200 
* GET /hospital/?route=home 

  ok statusCode 200 
* GET /hospital/?route=home 

  ok statusCode 200 
* GET /hospital/?route=home 

  ok statusCode 200 
* GET /hospital/?route=home 

  ok statusCode 200 
* GET /hospital/?route=home 

  ok statusCode 200 
* GET /hospital/?route=home 

  ok statusCode 200 
* GET /hospital/?route=home 

  ok statusCode 200 
* GET /hospital/?route=home 

  ok statusCode 200 
* GET /hospital/?route=home 

  ok statusCode 200 
* GET /hospital/?route=home 

  ok statusCode 200 
* GET /hospital/?route=home 

  ok statusCode 200 
* GET /hospital/?route=home 

  ok statusCode 200 
--------------------------------------
Metrics for period to: 11:11:40(-0500) (width: 9.984s)
--------------------------------------

errors.Failed capture or match: ................................................ 100
http.codes.200: ................................................................ 200
http.codes.302: ................................................................ 100
http.downloaded_bytes: ......................................................... 3308500
http.request_rate: ............................................................. 30/sec
http.requests: ................................................................. 300
http.response_time:
  min: ......................................................................... 1
  max: ......................................................................... 36
  mean: ........................................................................ 11.6
  median: ...................................................................... 6
  p95: ......................................................................... 29.1
  p99: ......................................................................... 32.1
http.response_time.2xx:
  min: ......................................................................... 1
  max: ......................................................................... 34
  mean: ........................................................................ 9.6
  median: ...................................................................... 5
  p95: ......................................................................... 26.8
  p99: ......................................................................... 32.1
http.response_time.3xx:
  min: ......................................................................... 4
  max: ......................................................................... 36
  mean: ........................................................................ 15.7
  median: ...................................................................... 18
  p95: ......................................................................... 29.1
  p99: ......................................................................... 30.9
http.responses: ................................................................ 300
plugins.expect.ok: ............................................................. 100
plugins.expect.ok.statusCode: .................................................. 100
vusers.created: ................................................................ 100
vusers.created_by_name.Secuencia Completa (API Focus): ......................... 100
vusers.failed: ................................................................. 100


* GET /hospital/?route=home 

  ok statusCode 200 
* GET /hospital/?route=home 

  ok statusCode 200 
* GET /hospital/?route=home 

  ok statusCode 200 
* GET /hospital/?route=home 

  ok statusCode 200 
* GET /hospital/?route=home 

  ok statusCode 200 
* GET /hospital/?route=home 

  ok statusCode 200 
* GET /hospital/?route=home 

  ok statusCode 200 
* GET /hospital/?route=home 

  ok statusCode 200 
* GET /hospital/?route=home 

  ok statusCode 200 
* GET /hospital/?route=home 

  ok statusCode 200 
* GET /hospital/?route=home 

  ok statusCode 200 
* GET /hospital/?route=home 

  ok statusCode 200 
* GET /hospital/?route=home 

  ok statusCode 200 
* GET /hospital/?route=home 

  ok statusCode 200 
* GET /hospital/?route=home 

  ok statusCode 200 
* GET /hospital/?route=home 

  ok statusCode 200 
* GET /hospital/?route=home 

  ok statusCode 200 
* GET /hospital/?route=home 

  ok statusCode 200 
* GET /hospital/?route=home 

  ok statusCode 200 
* GET /hospital/?route=home 

  ok statusCode 200 
* GET /hospital/?route=home 

  ok statusCode 200 
* GET /hospital/?route=home 

  ok statusCode 200 
* GET /hospital/?route=home 

  ok statusCode 200 
* GET /hospital/?route=home 

  ok statusCode 200 
* GET /hospital/?route=home 

  ok statusCode 200 
* GET /hospital/?route=home 

  ok statusCode 200 
* GET /hospital/?route=home 

  ok statusCode 200 
* GET /hospital/?route=home 

  ok statusCode 200 
* GET /hospital/?route=home 

  ok statusCode 200 
* GET /hospital/?route=home 

  ok statusCode 200 
* GET /hospital/?route=home 

  ok statusCode 200 
* GET /hospital/?route=home 

  ok statusCode 200 
* GET /hospital/?route=home 

  ok statusCode 200 
* GET /hospital/?route=home 

  ok statusCode 200 
* GET /hospital/?route=home 

  ok statusCode 200 
* GET /hospital/?route=home 

  ok statusCode 200 
* GET /hospital/?route=home 

  ok statusCode 200 
* GET /hospital/?route=home 

  ok statusCode 200 
* GET /hospital/?route=home 

  ok statusCode 200 
* GET /hospital/?route=home 

  ok statusCode 200 
* GET /hospital/?route=home 

  ok statusCode 200 
* GET /hospital/?route=home 

  ok statusCode 200 
* GET /hospital/?route=home 

  ok statusCode 200 
* GET /hospital/?route=home 

  ok statusCode 200 
* GET /hospital/?route=home 

  ok statusCode 200 
* GET /hospital/?route=home 

  ok statusCode 200 
* GET /hospital/?route=home 

  ok statusCode 200 
* GET /hospital/?route=home 

  ok statusCode 200 
* GET /hospital/?route=home 

  ok statusCode 200 
* GET /hospital/?route=home 

  ok statusCode 200 
* GET /hospital/?route=home 

  ok statusCode 200 
* GET /hospital/?route=home 

  ok statusCode 200 
* GET /hospital/?route=home 

  ok statusCode 200 
* GET /hospital/?route=home 

  ok statusCode 200 
* GET /hospital/?route=home 

  ok statusCode 200 
* GET /hospital/?route=home 

  ok statusCode 200 
* GET /hospital/?route=home 

  ok statusCode 200 
* GET /hospital/?route=home 

  ok statusCode 200 
* GET /hospital/?route=home 

  ok statusCode 200 
* GET /hospital/?route=home 

  ok statusCode 200 
* GET /hospital/?route=home 

  ok statusCode 200 
* GET /hospital/?route=home 

  ok statusCode 200 
* GET /hospital/?route=home 

  ok statusCode 200 
* GET /hospital/?route=home 

  ok statusCode 200 
* GET /hospital/?route=home 

  ok statusCode 200 
* GET /hospital/?route=home 

  ok statusCode 200 
* GET /hospital/?route=home 

  ok statusCode 200 
* GET /hospital/?route=home 

  ok statusCode 200 
* GET /hospital/?route=home 

  ok statusCode 200 
* GET /hospital/?route=home 

  ok statusCode 200 
* GET /hospital/?route=home 

  ok statusCode 200 
* GET /hospital/?route=home 

  ok statusCode 200 
* GET /hospital/?route=home 

  ok statusCode 200 
* GET /hospital/?route=home 

  ok statusCode 200 
* GET /hospital/?route=home 

  ok statusCode 200 
* GET /hospital/?route=home 

  ok statusCode 200 
* GET /hospital/?route=home 

  ok statusCode 200 
* GET /hospital/?route=home 

  ok statusCode 200 
* GET /hospital/?route=home 

  ok statusCode 200 
* GET /hospital/?route=home 

  ok statusCode 200 
* GET /hospital/?route=home 

  ok statusCode 200 
* GET /hospital/?route=home 

  ok statusCode 200 
* GET /hospital/?route=home 

  ok statusCode 200 
* GET /hospital/?route=home 

  ok statusCode 200 
* GET /hospital/?route=home 

  ok statusCode 200 
* GET /hospital/?route=home 

  ok statusCode 200 
* GET /hospital/?route=home 

  ok statusCode 200 
* GET /hospital/?route=home 

  ok statusCode 200 
* GET /hospital/?route=home 

  ok statusCode 200 
* GET /hospital/?route=home 

  ok statusCode 200 
* GET /hospital/?route=home 

  ok statusCode 200 
* GET /hospital/?route=home 

  ok statusCode 200 
* GET /hospital/?route=home 

  ok statusCode 200 
* GET /hospital/?route=home 

  ok statusCode 200 
* GET /hospital/?route=home 

  ok statusCode 200 
* GET /hospital/?route=home 

  ok statusCode 200 
* GET /hospital/?route=home 

  ok statusCode 200 
* GET /hospital/?route=home 

  ok statusCode 200 
* GET /hospital/?route=home 

  ok statusCode 200 
* GET /hospital/?route=home 

  ok statusCode 200 
--------------------------------------
Metrics for period to: 11:11:50(-0500) (width: 9.971s)
--------------------------------------

errors.Failed capture or match: ................................................ 99
http.codes.200: ................................................................ 199
http.codes.302: ................................................................ 99
http.downloaded_bytes: ......................................................... 3306876
http.request_rate: ............................................................. 30/sec
http.requests: ................................................................. 299
http.response_time:
  min: ......................................................................... 1
  max: ......................................................................... 35
  mean: ........................................................................ 11.8
  median: ...................................................................... 7
  p95: ......................................................................... 29.1
  p99: ......................................................................... 30.9
http.response_time.2xx:
  min: ......................................................................... 1
  max: ......................................................................... 35
  mean: ........................................................................ 9.4
  median: ...................................................................... 5
  p95: ......................................................................... 27.9
  p99: ......................................................................... 32.1
http.response_time.3xx:
  min: ......................................................................... 4
  max: ......................................................................... 31
  mean: ........................................................................ 16.6
  median: ...................................................................... 16.9
  p95: ......................................................................... 30.3
  p99: ......................................................................... 30.9
http.responses: ................................................................ 298
plugins.expect.ok: ............................................................. 100
plugins.expect.ok.statusCode: .................................................. 100
vusers.created: ................................................................ 100
vusers.created_by_name.Secuencia Completa (API Focus): ......................... 100
vusers.failed: ................................................................. 99


* GET /hospital/?route=home 

  ok statusCode 200 
* GET /hospital/?route=home 

  ok statusCode 200 
* GET /hospital/?route=home 

  ok statusCode 200 
* GET /hospital/?route=home 

  ok statusCode 200 
* GET /hospital/?route=home 

  ok statusCode 200 
* GET /hospital/?route=home 

  ok statusCode 200 
* GET /hospital/?route=home 

  ok statusCode 200 
* GET /hospital/?route=home 

  ok statusCode 200 
* GET /hospital/?route=home 

  ok statusCode 200 
* GET /hospital/?route=home 

  ok statusCode 200 
* GET /hospital/?route=home 

  ok statusCode 200 
* GET /hospital/?route=home 

  ok statusCode 200 
* GET /hospital/?route=home 

  ok statusCode 200 
* GET /hospital/?route=home 

  ok statusCode 200 
* GET /hospital/?route=home 

  ok statusCode 200 
* GET /hospital/?route=home 

  ok statusCode 200 
* GET /hospital/?route=home 

  ok statusCode 200 
* GET /hospital/?route=home 

  ok statusCode 200 
* GET /hospital/?route=home 

  ok statusCode 200 
* GET /hospital/?route=home 

  ok statusCode 200 
* GET /hospital/?route=home 

  ok statusCode 200 
* GET /hospital/?route=home 

  ok statusCode 200 
* GET /hospital/?route=home 

  ok statusCode 200 
* GET /hospital/?route=home 

  ok statusCode 200 
* GET /hospital/?route=home 

  ok statusCode 200 
* GET /hospital/?route=home 

  ok statusCode 200 
* GET /hospital/?route=home 

  ok statusCode 200 
* GET /hospital/?route=home 

  ok statusCode 200 
* GET /hospital/?route=home 

  ok statusCode 200 
* GET /hospital/?route=home 

  ok statusCode 200 
* GET /hospital/?route=home 

  ok statusCode 200 
* GET /hospital/?route=home 

  ok statusCode 200 
* GET /hospital/?route=home 

  ok statusCode 200 
* GET /hospital/?route=home 

  ok statusCode 200 
* GET /hospital/?route=home 

  ok statusCode 200 
* GET /hospital/?route=home 

  ok statusCode 200 
* GET /hospital/?route=home 

  ok statusCode 200 
* GET /hospital/?route=home 

  ok statusCode 200 
* GET /hospital/?route=home 

  ok statusCode 200 
* GET /hospital/?route=home 

  ok statusCode 200 
* GET /hospital/?route=home 

  ok statusCode 200 
* GET /hospital/?route=home 

  ok statusCode 200 
* GET /hospital/?route=home 

  ok statusCode 200 
* GET /hospital/?route=home 

  ok statusCode 200 
* GET /hospital/?route=home 

  ok statusCode 200 
* GET /hospital/?route=home 

  ok statusCode 200 
* GET /hospital/?route=home 

  ok statusCode 200 
* GET /hospital/?route=home 

  ok statusCode 200 
* GET /hospital/?route=home 

  ok statusCode 200 
* GET /hospital/?route=home 

  ok statusCode 200 
* GET /hospital/?route=home 

  ok statusCode 200 
* GET /hospital/?route=home 

  ok statusCode 200 
* GET /hospital/?route=home 

  ok statusCode 200 
* GET /hospital/?route=home 

  ok statusCode 200 
* GET /hospital/?route=home 

  ok statusCode 200 
* GET /hospital/?route=home 

  ok statusCode 200 
* GET /hospital/?route=home 

  ok statusCode 200 
* GET /hospital/?route=home 

  ok statusCode 200 
* GET /hospital/?route=home 

  ok statusCode 200 
* GET /hospital/?route=home 

  ok statusCode 200 
* GET /hospital/?route=home 

  ok statusCode 200 
* GET /hospital/?route=home 

  ok statusCode 200 
* GET /hospital/?route=home 

  ok statusCode 200 
* GET /hospital/?route=home 

  ok statusCode 200 
* GET /hospital/?route=home 

  ok statusCode 200 
* GET /hospital/?route=home 

  ok statusCode 200 
* GET /hospital/?route=home 

  ok statusCode 200 
* GET /hospital/?route=home 

  ok statusCode 200 
* GET /hospital/?route=home 

  ok statusCode 200 
* GET /hospital/?route=home 

  ok statusCode 200 
* GET /hospital/?route=home 

  ok statusCode 200 
* GET /hospital/?route=home 

  ok statusCode 200 
* GET /hospital/?route=home 

  ok statusCode 200 
* GET /hospital/?route=home 

  ok statusCode 200 
* GET /hospital/?route=home 

  ok statusCode 200 
* GET /hospital/?route=home 

  ok statusCode 200 
* GET /hospital/?route=home 

  ok statusCode 200 
* GET /hospital/?route=home 

  ok statusCode 200 
* GET /hospital/?route=home 

  ok statusCode 200 
* GET /hospital/?route=home 

  ok statusCode 200 
* GET /hospital/?route=home 

  ok statusCode 200 
* GET /hospital/?route=home 

  ok statusCode 200 
* GET /hospital/?route=home 

  ok statusCode 200 
* GET /hospital/?route=home 

  ok statusCode 200 
* GET /hospital/?route=home 

  ok statusCode 200 
* GET /hospital/?route=home 

  ok statusCode 200 
* GET /hospital/?route=home 

  ok statusCode 200 
* GET /hospital/?route=home 

  ok statusCode 200 
* GET /hospital/?route=home 

  ok statusCode 200 
Phase completed: Prueba API REST - 5 Etapas Consecutivas (index: 0, duration: 40s) 11:12:04(-0500)

* GET /hospital/?route=home 

  ok statusCode 200 
* GET /hospital/?route=home 

  ok statusCode 200 
* GET /hospital/?route=home 

  ok statusCode 200 
* GET /hospital/?route=home 

  ok statusCode 200 
* GET /hospital/?route=home 

  ok statusCode 200 
* GET /hospital/?route=home 

  ok statusCode 200 
* GET /hospital/?route=home 

  ok statusCode 200 
* GET /hospital/?route=home 

  ok statusCode 200 
* GET /hospital/?route=home 

  ok statusCode 200 
* GET /hospital/?route=home 

  ok statusCode 200 
--------------------------------------
Metrics for period to: 11:12:00(-0500) (width: 9.975s)
--------------------------------------

errors.Failed capture or match: ................................................ 100
http.codes.200: ................................................................ 200
http.codes.302: ................................................................ 100
http.downloaded_bytes: ......................................................... 3308500
http.request_rate: ............................................................. 30/sec
http.requests: ................................................................. 300
http.response_time:
  min: ......................................................................... 1
  max: ......................................................................... 41
  mean: ........................................................................ 11.4
  median: ...................................................................... 6
  p95: ......................................................................... 29.1
  p99: ......................................................................... 34.1
http.response_time.2xx:
  min: ......................................................................... 1
  max: ......................................................................... 41
  mean: ........................................................................ 9.7
  median: ...................................................................... 5
  p95: ......................................................................... 29.1
  p99: ......................................................................... 34.1
http.response_time.3xx:
  min: ......................................................................... 4
  max: ......................................................................... 34
  mean: ........................................................................ 14.7
  median: ...................................................................... 16.9
  p95: ......................................................................... 27.9
  p99: ......................................................................... 32.1
http.responses: ................................................................ 300
plugins.expect.ok: ............................................................. 100
plugins.expect.ok.statusCode: .................................................. 100
vusers.created: ................................................................ 100
vusers.created_by_name.Secuencia Completa (API Focus): ......................... 100
vusers.failed: ................................................................. 100


--------------------------------------
Metrics for period to: 11:12:10(-0500) (width: 5.074s)
--------------------------------------

errors.Failed capture or match: ................................................ 52
http.codes.200: ................................................................ 103
http.codes.302: ................................................................ 52
http.downloaded_bytes: ......................................................... 1688959
http.request_rate: ............................................................. 39/sec
http.requests: ................................................................. 154
http.response_time:
  min: ......................................................................... 1
  max: ......................................................................... 46
  mean: ........................................................................ 11.1
  median: ...................................................................... 6
  p95: ......................................................................... 27.9
  p99: ......................................................................... 30.9
http.response_time.2xx:
  min: ......................................................................... 1
  max: ......................................................................... 46
  mean: ........................................................................ 8.9
  median: ...................................................................... 4
  p95: ......................................................................... 27.9
  p99: ......................................................................... 30.9
http.response_time.3xx:
  min: ......................................................................... 5
  max: ......................................................................... 30
  mean: ........................................................................ 15.3
  median: ...................................................................... 16.9
  p95: ......................................................................... 27.9
  p99: ......................................................................... 27.9
http.responses: ................................................................ 155
plugins.expect.ok: ............................................................. 51
plugins.expect.ok.statusCode: .................................................. 51
vusers.created: ................................................................ 51
vusers.created_by_name.Secuencia Completa (API Focus): ......................... 51
vusers.failed: ................................................................. 52


All VUs finished. Total time: 42 seconds

--------------------------------
Summary report @ 11:12:07(-0500)
--------------------------------

errors.Failed capture or match: ................................................ 400
http.codes.200: ................................................................ 800
http.codes.302: ................................................................ 400
http.downloaded_bytes: ......................................................... 13234000
http.request_rate: ............................................................. 30/sec
http.requests: ................................................................. 1200
http.response_time:
  min: ......................................................................... 1
  max: ......................................................................... 46
  mean: ........................................................................ 11.5
  median: ...................................................................... 6
  p95: ......................................................................... 29.1
  p99: ......................................................................... 32.8
http.response_time.2xx:
  min: ......................................................................... 1
  max: ......................................................................... 46
  mean: ........................................................................ 9.4
  median: ...................................................................... 5
  p95: ......................................................................... 27.9
  p99: ......................................................................... 32.8
http.response_time.3xx:
  min: ......................................................................... 4
  max: ......................................................................... 36
  mean: ........................................................................ 15.8
  median: ...................................................................... 18
  p95: ......................................................................... 29.1
  p99: ......................................................................... 30.9
http.responses: ................................................................ 1200
plugins.expect.ok: ............................................................. 400
plugins.expect.ok.statusCode: .................................................. 400
vusers.created: ................................................................ 400
vusers.created_by_name.Secuencia Completa (API Focus): ......................... 400
vusers.failed: ................................................................. 400
