TEST LOG - tests/basico.yaml
FECHA: 6/5/2026, 11:08:06 a. m.
------------------------------------------
Test run id: tjcrn_9fqn5tbfkqmbqww7xnhwerjt6njeh_pyar
Phase started: Prueba Básica - 5 Etapas Consecutivas (index: 0, duration: 20s) 11:08:10(-0500)

* GET /hospital/?route=home 

  ok statusCode 200 
* GET /hospital/?route=home 

  ok statusCode 200 
* GET /hospital/?route=home 

  ok statusCode 200 
* GET /hospital/?route=home 

  ok statusCode 200 
* GET /hospital/?route=home 

  ok statusCode 200 
* GET /hospital/?route=home 

  ok statusCode 200 
* GET /hospital/?route=home 

  ok statusCode 200 
* GET /hospital/?route=home 

  ok statusCode 200 
* GET /hospital/?route=home 

  ok statusCode 200 
* GET /hospital/?route=home 

  ok statusCode 200 
* GET /hospital/?route=home 

  ok statusCode 200 
* GET /hospital/?route=home 

  ok statusCode 200 
* GET /hospital/?route=home 

  ok statusCode 200 
* GET /hospital/?route=home 

  ok statusCode 200 
* GET /hospital/?route=home 

  ok statusCode 200 
* GET /hospital/?route=home 

  ok statusCode 200 
* GET /hospital/?route=home 

  ok statusCode 200 
* GET /hospital/?route=home 

  ok statusCode 200 
* GET /hospital/?route=home 

  ok statusCode 200 
* GET /hospital/?route=home 

  ok statusCode 200 
* GET /hospital/?route=home 

  ok statusCode 200 
--------------------------------------
Metrics for period to: 11:08:20(-0500) (width: 8.079s)
--------------------------------------

errors.Failed capture or match: ................................................ 18
http.codes.200: ................................................................ 36
http.codes.302: ................................................................ 18
http.downloaded_bytes: ......................................................... 595530
http.request_rate: ............................................................. 6/sec
http.requests: ................................................................. 54
http.response_time:
  min: ......................................................................... 1
  max: ......................................................................... 60
  mean: ........................................................................ 12.5
  median: ...................................................................... 6
  p95: ......................................................................... 29.1
  p99: ......................................................................... 34.8
http.response_time.2xx:
  min: ......................................................................... 1
  max: ......................................................................... 30
  mean: ........................................................................ 10
  median: ...................................................................... 3
  p95: ......................................................................... 27.9
  p99: ......................................................................... 29.1
http.response_time.3xx:
  min: ......................................................................... 4
  max: ......................................................................... 60
  mean: ........................................................................ 17.6
  median: ...................................................................... 13.9
  p95: ......................................................................... 34.8
  p99: ......................................................................... 34.8
http.responses: ................................................................ 54
plugins.expect.ok: ............................................................. 18
plugins.expect.ok.statusCode: .................................................. 18
vusers.created: ................................................................ 18
vusers.created_by_name.Secuencia Completa (Básica): ............................ 18
vusers.failed: ................................................................. 18


* GET /hospital/?route=home 

  ok statusCode 200 
* GET /hospital/?route=home 

  ok statusCode 200 
* GET /hospital/?route=home 

  ok statusCode 200 
* GET /hospital/?route=home 

  ok statusCode 200 
* GET /hospital/?route=home 

  ok statusCode 200 
* GET /hospital/?route=home 

  ok statusCode 200 
* GET /hospital/?route=home 

  ok statusCode 200 
* GET /hospital/?route=home 

  ok statusCode 200 
* GET /hospital/?route=home 

  ok statusCode 200 
* GET /hospital/?route=home 

  ok statusCode 200 
* GET /hospital/?route=home 

  ok statusCode 200 
* GET /hospital/?route=home 

  ok statusCode 200 
* GET /hospital/?route=home 

  ok statusCode 200 
* GET /hospital/?route=home 

  ok statusCode 200 
* GET /hospital/?route=home 

  ok statusCode 200 
* GET /hospital/?route=home 

  ok statusCode 200 
* GET /hospital/?route=home 

  ok statusCode 200 
Phase completed: Prueba Básica - 5 Etapas Consecutivas (index: 0, duration: 20s) 11:08:30(-0500)

* GET /hospital/?route=home 

  ok statusCode 200 
* GET /hospital/?route=home 

  ok statusCode 200 
--------------------------------------
Metrics for period to: 11:08:30(-0500) (width: 9.081s)
--------------------------------------

errors.Failed capture or match: ................................................ 20
http.codes.200: ................................................................ 40
http.codes.302: ................................................................ 20
http.downloaded_bytes: ......................................................... 661700
http.request_rate: ............................................................. 6/sec
http.requests: ................................................................. 60
http.response_time:
  min: ......................................................................... 1
  max: ......................................................................... 212
  mean: ........................................................................ 13.4
  median: ...................................................................... 6
  p95: ......................................................................... 25.8
  p99: ......................................................................... 34.1
http.response_time.2xx:
  min: ......................................................................... 1
  max: ......................................................................... 212
  mean: ........................................................................ 13.4
  median: ...................................................................... 3
  p95: ......................................................................... 24.8
  p99: ......................................................................... 34.1
http.response_time.3xx:
  min: ......................................................................... 4
  max: ......................................................................... 28
  mean: ........................................................................ 13.4
  median: ...................................................................... 7.9
  p95: ......................................................................... 25.8
  p99: ......................................................................... 25.8
http.responses: ................................................................ 60
plugins.expect.ok: ............................................................. 20
plugins.expect.ok.statusCode: .................................................. 20
vusers.created: ................................................................ 20
vusers.created_by_name.Secuencia Completa (Básica): ............................ 20
vusers.failed: ................................................................. 20


--------------------------------------
Metrics for period to: 11:08:40(-0500) (width: 0.091s)
--------------------------------------

errors.Failed capture or match: ................................................ 2
http.codes.200: ................................................................ 4
http.codes.302: ................................................................ 2
http.downloaded_bytes: ......................................................... 66170
http.request_rate: ............................................................. 6/sec
http.requests: ................................................................. 6
http.response_time:
  min: ......................................................................... 2
  max: ......................................................................... 25
  mean: ........................................................................ 13.2
  median: ...................................................................... 5
  p95: ......................................................................... 23.8
  p99: ......................................................................... 23.8
http.response_time.2xx:
  min: ......................................................................... 2
  max: ......................................................................... 25
  mean: ........................................................................ 12.5
  median: ...................................................................... 2
  p95: ......................................................................... 21.1
  p99: ......................................................................... 21.1
http.response_time.3xx:
  min: ......................................................................... 5
  max: ......................................................................... 24
  mean: ........................................................................ 14.5
  median: ...................................................................... 5
  p95: ......................................................................... 5
  p99: ......................................................................... 5
http.responses: ................................................................ 6
plugins.expect.ok: ............................................................. 2
plugins.expect.ok.statusCode: .................................................. 2
vusers.created: ................................................................ 2
vusers.created_by_name.Secuencia Completa (Básica): ............................ 2
vusers.failed: ................................................................. 2


All VUs finished. Total time: 22 seconds

--------------------------------
Summary report @ 11:08:33(-0500)
--------------------------------

errors.Failed capture or match: ................................................ 40
http.codes.200: ................................................................ 80
http.codes.302: ................................................................ 40
http.downloaded_bytes: ......................................................... 1323400
http.request_rate: ............................................................. 6/sec
http.requests: ................................................................. 120
http.response_time:
  min: ......................................................................... 1
  max: ......................................................................... 212
  mean: ........................................................................ 13
  median: ...................................................................... 6
  p95: ......................................................................... 29.1
  p99: ......................................................................... 34.8
http.response_time.2xx:
  min: ......................................................................... 1
  max: ......................................................................... 212
  mean: ........................................................................ 11.8
  median: ...................................................................... 3
  p95: ......................................................................... 27.9
  p99: ......................................................................... 34.1
http.response_time.3xx:
  min: ......................................................................... 4
  max: ......................................................................... 60
  mean: ........................................................................ 15.3
  median: ...................................................................... 13.9
  p95: ......................................................................... 29.1
  p99: ......................................................................... 34.8
http.responses: ................................................................ 120
plugins.expect.ok: ............................................................. 40
plugins.expect.ok.statusCode: .................................................. 40
vusers.created: ................................................................ 40
vusers.created_by_name.Secuencia Completa (Básica): ............................ 40
vusers.failed: ................................................................. 40
